[0.026s] Invoking command in '/home/agnella/banyu/opencv/build/tugasopencv': CMAKE_PREFIX_PATH=/opt/ros/humble /usr/bin/cmake /home/agnella/banyu/opencv/src/tugasopencv -DCMAKE_INSTALL_PREFIX=/home/agnella/banyu/opencv/install/tugasopencv
[0.371s] -- The C compiler identification is GNU 11.4.0
[0.567s] -- The CXX compiler identification is GNU 11.4.0
[0.586s] -- Detecting C compiler ABI info
[0.773s] -- Detecting C compiler ABI info - done
[0.792s] -- Check for working C compiler: /usr/bin/cc - skipped
[0.793s] -- Detecting C compile features
[0.794s] -- Detecting C compile features - done
[0.814s] -- Detecting CXX compiler ABI info
[0.933s] -- Detecting CXX compiler ABI info - done
[0.940s] -- Check for working CXX compiler: /usr/bin/c++ - skipped
[0.941s] -- Detecting CXX compile features
[0.941s] -- Detecting CXX compile features - done
[0.958s] -- Found ament_cmake: 1.3.10 (/opt/ros/humble/share/ament_cmake/cmake)
[1.152s] -- Found Python3: /usr/bin/python3 (found version "3.10.12") found components: Interpreter 
[1.282s] -- Found rclcpp: 16.0.10 (/opt/ros/humble/share/rclcpp/cmake)
[1.355s] -- Found rosidl_generator_c: 3.1.5 (/opt/ros/humble/share/rosidl_generator_c/cmake)
[1.361s] -- Found rosidl_adapter: 3.1.5 (/opt/ros/humble/share/rosidl_adapter/cmake)
[1.371s] -- Found rosidl_generator_cpp: 3.1.5 (/opt/ros/humble/share/rosidl_generator_cpp/cmake)
[1.394s] -- Using all available rosidl_typesupport_c: rosidl_typesupport_fastrtps_c;rosidl_typesupport_introspection_c
[1.418s] -- Using all available rosidl_typesupport_cpp: rosidl_typesupport_fastrtps_cpp;rosidl_typesupport_introspection_cpp
[1.486s] -- Found rmw_implementation_cmake: 6.1.2 (/opt/ros/humble/share/rmw_implementation_cmake/cmake)
[1.489s] -- Found rmw_fastrtps_cpp: 6.2.7 (/opt/ros/humble/share/rmw_fastrtps_cpp/cmake)
[1.602s] -- Found OpenSSL: /usr/lib/aarch64-linux-gnu/libcrypto.so (found version "3.0.2")  
[1.642s] -- Found FastRTPS: /opt/ros/humble/include  
[1.701s] -- Using RMW implementation 'rmw_fastrtps_cpp' as default
[1.712s] -- Looking for pthread.h
[1.819s] -- Looking for pthread.h - found
[1.819s] -- Performing Test CMAKE_HAVE_LIBC_PTHREAD
[1.935s] -- Performing Test CMAKE_HAVE_LIBC_PTHREAD - Success
[1.935s] -- Found Threads: TRUE  
[2.030s] -- Found sensor_msgs: 4.2.4 (/opt/ros/humble/share/sensor_msgs/cmake)
[2.084s] -- Found cv_bridge: 3.2.1 (/opt/ros/humble/share/cv_bridge/cmake)
[2.103s] -- Found ament_lint_auto: 0.12.11 (/opt/ros/humble/share/ament_lint_auto/cmake)
[2.230s] -- Added test 'cppcheck' to perform static code analysis on C / C++ code
[2.230s] -- Configured cppcheck include dirs: 
[2.230s] -- Configured cppcheck exclude dirs and/or files: 
[2.231s] -- Added test 'lint_cmake' to check CMake code style
[2.235s] -- Added test 'uncrustify' to check C / C++ code style
[2.235s] -- Configured uncrustify additional arguments: 
[2.237s] -- Added test 'xmllint' to check XML markup files
[2.241s] -- Configuring done
[2.266s] -- Generating done
[2.268s] -- Build files have been written to: /home/agnella/banyu/opencv/build/tugasopencv
[2.282s] Invoked command in '/home/agnella/banyu/opencv/build/tugasopencv' returned '0': CMAKE_PREFIX_PATH=/opt/ros/humble /usr/bin/cmake /home/agnella/banyu/opencv/src/tugasopencv -DCMAKE_INSTALL_PREFIX=/home/agnella/banyu/opencv/install/tugasopencv
[2.283s] Invoking command in '/home/agnella/banyu/opencv/build/tugasopencv': CMAKE_PREFIX_PATH=/opt/ros/humble /usr/bin/cmake --build /home/agnella/banyu/opencv/build/tugasopencv -- -j4 -l4
[2.372s] [ 50%] [32mBuilding CXX object CMakeFiles/tugasopencv.dir/src/opencvpub.cpp.o[0m
[12.240s] [100%] [32m[1mLinking CXX executable tugasopencv[0m
[13.445s] [100%] Built target tugasopencv
[13.467s] Invoked command in '/home/agnella/banyu/opencv/build/tugasopencv' returned '0': CMAKE_PREFIX_PATH=/opt/ros/humble /usr/bin/cmake --build /home/agnella/banyu/opencv/build/tugasopencv -- -j4 -l4
[13.514s] Invoking command in '/home/agnella/banyu/opencv/build/tugasopencv': CMAKE_PREFIX_PATH=/opt/ros/humble /usr/bin/cmake --install /home/agnella/banyu/opencv/build/tugasopencv
[13.529s] -- Install configuration: ""
[13.529s] -- Installing: /home/agnella/banyu/opencv/install/tugasopencv/lib/tugasopencv/tugasopencv
[13.533s] -- Set runtime path of "/home/agnella/banyu/opencv/install/tugasopencv/lib/tugasopencv/tugasopencv" to ""
[13.533s] -- Installing: /home/agnella/banyu/opencv/install/tugasopencv/share/ament_index/resource_index/package_run_dependencies/tugasopencv
[13.533s] -- Installing: /home/agnella/banyu/opencv/install/tugasopencv/share/ament_index/resource_index/parent_prefix_path/tugasopencv
[13.534s] -- Installing: /home/agnella/banyu/opencv/install/tugasopencv/share/tugasopencv/environment/ament_prefix_path.sh
[13.534s] -- Installing: /home/agnella/banyu/opencv/install/tugasopencv/share/tugasopencv/environment/ament_prefix_path.dsv
[13.534s] -- Installing: /home/agnella/banyu/opencv/install/tugasopencv/share/tugasopencv/environment/path.sh
[13.534s] -- Installing: /home/agnella/banyu/opencv/install/tugasopencv/share/tugasopencv/environment/path.dsv
[13.534s] -- Installing: /home/agnella/banyu/opencv/install/tugasopencv/share/tugasopencv/local_setup.bash
[13.534s] -- Installing: /home/agnella/banyu/opencv/install/tugasopencv/share/tugasopencv/local_setup.sh
[13.534s] -- Installing: /home/agnella/banyu/opencv/install/tugasopencv/share/tugasopencv/local_setup.zsh
[13.534s] -- Installing: /home/agnella/banyu/opencv/install/tugasopencv/share/tugasopencv/local_setup.dsv
[13.534s] -- Installing: /home/agnella/banyu/opencv/install/tugasopencv/share/tugasopencv/package.dsv
[13.534s] -- Installing: /home/agnella/banyu/opencv/install/tugasopencv/share/ament_index/resource_index/packages/tugasopencv
[13.534s] -- Installing: /home/agnella/banyu/opencv/install/tugasopencv/share/tugasopencv/cmake/tugasopencvConfig.cmake
[13.535s] -- Installing: /home/agnella/banyu/opencv/install/tugasopencv/share/tugasopencv/cmake/tugasopencvConfig-version.cmake
[13.535s] -- Installing: /home/agnella/banyu/opencv/install/tugasopencv/share/tugasopencv/package.xml
[13.537s] Invoked command in '/home/agnella/banyu/opencv/build/tugasopencv' returned '0': CMAKE_PREFIX_PATH=/opt/ros/humble /usr/bin/cmake --install /home/agnella/banyu/opencv/build/tugasopencv
